// Jest Snapshot v1, https://goo.gl/fbAQLP

exports[`Prueba a PrimeraApp/ validar render de primeraAapp/ 1`] = `
<div>
  <h1>
    hola mundo
  </h1>
  <p>
    esto es una prueba
  </p>
  <p>
    hola
  </p>
</div>
`;
